python : C:\Users\Dheepa\On
eDrive\Desktop\AgriAssist_B
ackend\AgriAssistBackend\Ch
at\app\services\rag\ingesti
on_service.py:5: 
FutureWarning: 
At line:1 char:47
+ ... NPATH=Chat; python 
Chat/run_ingestion.py > 
ingestion_debug_v4.log 2>& 
...
+                 ~~~~~~~~~
~~~~~~~~~~~~~~~~~~~~~~~~~~~
~~~~~~~~~~~~~~~~~~~~~
    + CategoryInfo         
     : NotSpecified: (C:\  
  Users\Dheepa...FutureW   
 arning: :String) [], R    
emoteException
    + FullyQualifiedErrorI 
   d : NativeCommandError
 

All support for the 
`google.generativeai` 
package has ended. It will 
no longer be receiving 
updates or bug fixes. 
Please switch to the 
`google.genai` package as 
soon as possible.
See README for more 
details:

https://github.com/google-g
emini/deprecated-generative
-ai-python/blob/main/README
.md

  import 
google.generativeai as 
genai
Starting automated ingestion process...
Clearing vector store index...
Index cleared.
Starting ingestion from C:\Users\Dheepa\OneDrive\Desktop\AgriAssist_Backend\AgriAssistBackend\Chat\data\rag_documents...
Processing 1_Agriculture schemes.txt...
Ingesting 76 chunks for 1_Agriculture schemes.txt...
Processing batch 1 (8 chunks)...
Rate limited. Waiting 30s before retry...
Failed to process batch ending at 8: name 'asyncio' is not defined
Processing batch 2 (8 chunks)...
Rate limited. Waiting 30s before retry...
Failed to process batch ending at 16: name 'asyncio' is not defined
Processing batch 3 (8 chunks)...
Rate limited. Waiting 30s before retry...
Failed to process batch ending at 24: name 'asyncio' is not defined
Processing batch 4 (8 chunks)...
Rate limited. Waiting 30s before retry...
Failed to process batch ending at 32: name 'asyncio' is not defined
Processing batch 5 (8 chunks)...
Rate limited. Waiting 30s before retry...
Failed to process batch ending at 40: name 'asyncio' is not defined
Processing batch 6 (8 chunks)...
Rate limited. Waiting 30s before retry...
Failed to process batch ending at 48: name 'asyncio' is not defined
Processing batch 7 (8 chunks)...
Rate limited. Waiting 30s before retry...
Failed to process batch ending at 56: name 'asyncio' is not defined
Processing batch 8 (8 chunks)...
Rate limited. Waiting 30s before retry...
Failed to process batch ending at 64: name 'asyncio' is not defined
Processing batch 9 (8 chunks)...
Rate limited. Waiting 30s before retry...
Failed to process batch ending at 72: name 'asyncio' is not defined
Processing batch 10 (4 chunks)...
Rate limited. Waiting 30s before retry...
Failed to process batch ending at 80: name 'asyncio' is not defined
Ingestion complete.
Ingestion process finished.
